﻿
> vite-react-typescript-starter@0.0.0 build
> vite build

[36mvite v5.4.19 [32mbuilding for production...[36m[39m
transforming...
cmd : Browserslist: caniuse-lite is outdated. Please run:
Au caractère Ligne:1 : 1
+ cmd /c npm run build > build_output.txt 2>&1
+ ~~~~~~~~~~~~~~~~~~~~~~~~~~~~~~~~~~~~~~~~~~~~
    + CategoryInfo          : NotSpecified: (Browserslist: c...ed. Please run::String) [], RemoteException
    + FullyQualifiedErrorId : NativeCommandError
 
  npx update-browserslist-db@latest
  Why you should do it regularly: https://github.com/browserslist/update-db#readme
[32mÔ£ô[39m 23 modules transformed.
[31mx[39m Build failed in 2.38s
[31merror during build:
[31m[vite]: Rollup failed to resolve import "react-redux" from 
"D:/HARX2026/microfrontends/v25_comporchestrator_front/src/components/dashboard/DashboardWrapper.tsx".
This is most likely unintended because it can break your application at runtime.
If you do want to externalize this module explicitly add it to
`build.rollupOptions.external`[31m
    at viteWarn (file:///D:/HARX2026/microfrontends/v25_comporchestrator_front/node_modules/vite/dist/node/chunks/dep-C
6uTJdX2.js:65839:17)
    at onwarn 
(file:///D:/HARX2026/microfrontends/v25_comporchestrator_front/node_modules/@vitejs/plugin-react/dist/index.mjs:273:9)
    at onRollupWarning (file:///D:/HARX2026/microfrontends/v25_comporchestrator_front/node_modules/vite/dist/node/chunk
s/dep-C6uTJdX2.js:65869:5)
    at onwarn (file:///D:/HARX2026/microfrontends/v25_comporchestrator_front/node_modules/vite/dist/node/chunks/dep-C6u
TJdX2.js:65534:7)
    at 
file:///D:/HARX2026/microfrontends/v25_comporchestrator_front/node_modules/rollup/dist/es/shared/node-entry.js:19393:13
    at Object.logger [as onLog] (file:///D:/HARX2026/microfrontends/v25_comporchestrator_front/node_modules/rollup/dist
/es/shared/node-entry.js:21119:9)
    at ModuleLoader.handleInvalidResolvedId (file:///D:/HARX2026/microfrontends/v25_comporchestrator_front/node_modules
/rollup/dist/es/shared/node-entry.js:20008:26)
    at file:///D:/HARX2026/microfrontends/v25_comporchestrator_front/node_modules/rollup/dist/es/shared/node-entry.js:1
9966:26[39m
